# Maintainer: Eric Vidal <eric@obarun.org>
# based on the original https://projects.archlinux.org/svntogit/packages.git/tree/trunk?h=packages/openssh
# 						Maintainer: Gaetan Bisson <bisson@archlinux.org>
# 						Contributor: Aaron Griffin <aaron@archlinux.org>
# 						Contributor: judd <jvinet@zeroflux.org>

pkgname=openssh
pkgver=7.7snap20180330
pkgrel=2
pkgdesc='Free version of the SSH connectivity tools'
url='https://www.openssh.org/portable.html'
license=('custom:BSD')
arch=('x86_64')
makedepends=('linux-headers')
depends=('krb5' 'openssl' 'libedit' 'ldns')
optdepends=('xorg-xauth: X11 forwarding'
            'x11-ssh-askpass: input passphrase in X')
validpgpkeys=('59C2118ED206D927E667EBE3D3E5F56B6D920D30')
source=("http://www.mindrot.org/openssh_snap/openssh-SNAP-20180330.tar.gz"
        'openssl-1.1.0.patch'
        'sshd.pam'
        'sshd.conf')
sha256sums=('a6984bc2c72192bed015c8b879b35dd9f5350b3b'
sha256sums=('df30a1f3cd4f7b0b6456b4d120e698f29b279f8e8a9fdb20135f2e12783cbf10'
            '4031577db6416fcbaacf8a26a024ecd3939e5c10fe6a86ee3f0eea5093d533b7'
            '3a0845737207f4eda221c9c9fb64e766ade9684562d8ba4f705f7ae6826886e5'
            'c5ed9fa629f8f8dbf3bae4edbad4441c36df535088553fe82695c52d7bde30aa'
            'de14363e9d4ed92848e524036d9e6b57b2d35cc77d377b7247c38111d2a3defd'
            '4effac1186cc62617f44385415103021f72f674f8b8e26447fc1139c670090f6'
            '64576021515c0a98b0aaf0a0ae02e0f5ebe8ee525b1e647ab68f369f81ecd846')
validpgpkeys=('6DD4217456569BA711566AC7F06E8FDE7B45DAAC') # Eric Vidal

backup=('etc/ssh/ssh_config' 'etc/ssh/sshd_config' 'etc/pam.d/sshd')

prepare() {
 	#cd "${srcdir}/${pkgname}-${pkgver}"
	cd "${srcdir}/${pkgname}"
 	# OpenSSL 1.1.0 patch from http://vega.pgw.jp/~kabe/vsd/patch/openssh-7.4p1-openssl-1.1.0c.patch.html
	patch -p1 -i ../openssl-1.1.0.patch
}

build() {
	#cd "${srcdir}/${pkgname}-${pkgver}"
    cd "${srcdir}/${pkgname}"
	./configure \
		--prefix=/usr \
		--sbindir=/usr/bin \
		--libexecdir=/usr/lib/ssh \
		--sysconfdir=/etc/ssh \
		--with-ldns \
		--with-libedit \
		--with-ssl-engine \
		--with-pam \
		--with-privsep-user=nobody \
		--with-kerberos5=/usr \
		--with-xauth=/usr/bin/xauth \
		--with-md5-passwords \
		--with-pid-dir=/run \
		--with-default-path='/usr/local/sbin:/usr/local/bin:/usr/bin' \

	make
}

check() {
	#cd "${srcdir}/${pkgname}-${pkgver}"
	cd "${srcdir}/${pkgname}"
	# Tests require openssh to be already installed system-wide,
	# also connectivity tests will fail under makechrootpkg since
    # it runs as nobody which has /bin/false as login shell.

	if [[ -e /usr/bin/scp && ! -e /.arch-chroot ]]; then
		make tests
	fi
	
}

package() {
	#cd "${srcdir}/${pkgname}-${pkgver}"
	cd "${srcdir}/${pkgname}"
	make DESTDIR="${pkgdir}" install

	ln -sf ssh.1.gz "${pkgdir}"/usr/share/man/man1/slogin.1.gz
	install -Dm644 LICENCE "${pkgdir}/usr/share/licenses/${pkgname}/LICENCE"
	
	install -Dm644 ../sshd.conf "${pkgdir}"/usr/lib/tmpfiles.d/sshd.conf
	
	install -Dm644 ../sshd.pam "${pkgdir}"/etc/pam.d/sshd
		
	install -Dm755 contrib/findssl.sh "${pkgdir}"/usr/bin/findssl.sh
	install -Dm755 contrib/ssh-copy-id "${pkgdir}"/usr/bin/ssh-copy-id
	install -Dm644 contrib/ssh-copy-id.1 "${pkgdir}"/usr/share/man/man1/ssh-copy-id.1
	
	
	
	sed \
		-e '/^#ChallengeResponseAuthentication yes$/c ChallengeResponseAuthentication no' \
		-e '/^#PrintMotd yes$/c PrintMotd no # pam does that' \
		-e '/^#UsePAM no$/c UsePAM yes' \
		-i "${pkgdir}"/etc/ssh/sshd_config
}
